
Running 12 tests using 7 workers

BROWSER debug: [vite] connecting...
BROWSER info: Successfully preconnected to https://fonts.gstatic.com/
BROWSER info: Successfully preconnected to https://fonts.googleapis.com/
BROWSER debug: [vite] connected.
  -   4 [webkit] › playground/e2e/nativeSelection.spec.ts:26:1 › collapses an immediate follow-up click after triple-click paragraph selection
  ✓   2 [webkit] › playground/e2e/inlineSession.spec.ts:13:1 › opens and closes the playground inline session from a text selection (3.0s)
  ✓   3 [webkit] › playground/e2e/aiSuggestions.spec.ts:74:1 › renders AI suggestions with the custom line styling (3.2s)
  ✓   8 [webkit] › playground/e2e/selectAll.spec.ts:12:1 › selects the full structured document on first cmd+a (1.1s)
  ✓   5 [webkit] › playground/e2e/history.spec.ts:26:1 › restores same-block caret offsets through undo and redo (3.7s)
  ✓   9 [webkit] › playground/e2e/selectAll.spec.ts:39:1 › keeps table available in the structured playground slash menu (917ms)
  ✓  11 [webkit] › playground/e2e/streaming.spec.ts:8:1 › streams tokens into the first block through delta-stream (620ms)
  ✓  10 [webkit] › playground/e2e/aiSuggestions.spec.ts:100:1 › opens the popover and applies the active suggestion (1.4s)
  ✓  12 [webkit] › playground/e2e/aiSuggestions.spec.ts:127:1 › dismisses the active suggestion without changing the text (1.1s)
  ✓   7 [webkit] › playground/e2e/history.spec.ts:108:1 › restores history through keyboard shortcuts (6.2s)
  ✓   6 [webkit] › playground/e2e/history.spec.ts:60:1 › keeps content visible and moves the caret across blocks via topbar history (6.2s)
{
  "nameCount": 1,
  "joinCount": 1,
  "rootCount": 0,
  "bodyText": "LIVE COLLABORATION\nEnter your name to join\nYour name will be shown to other collaborators in the playground room.\nRoom: pen-e2e-debug-1787306159895\nDisplay name\n\nJoin playground"
}
{
  "rootAfterJoin": 1,
  "bodyAfterJoin": "Pen\nConnected\nPlaywright\nContent-first\nFresh room\n\n\n\n\n\n\n\n\n\nFind\n\n\n​\n\nChat\n\nDebug\n\nSend\n\n"
}
  ✓   1 [webkit] › playground/e2e/debug-boot.spec.ts:3:1 › dump playground boot (10.4s)

  1 skipped
  11 passed (11.3s)
