
Running 12 tests using 7 workers

BROWSER debug: [vite] connecting...
BROWSER debug: [vite] connected.
BROWSER info: %cDownload the React DevTools for a better development experience: https://react.dev/link/react-devtools font-weight:bold
  ✓   7 [chromium] › playground/e2e/nativeSelection.spec.ts:26:1 › collapses an immediate follow-up click after triple-click paragraph selection (2.5s)
  ✓   4 [chromium] › playground/e2e/inlineSession.spec.ts:13:1 › opens and closes the playground inline session from a text selection (2.8s)
  ✓   6 [chromium] › playground/e2e/aiSuggestions.spec.ts:74:1 › renders AI suggestions with the custom line styling (2.9s)
  ✓   3 [chromium] › playground/e2e/history.spec.ts:108:1 › restores history through keyboard shortcuts (2.9s)
  ✓   5 [chromium] › playground/e2e/history.spec.ts:60:1 › keeps content visible and moves the caret across blocks via topbar history (2.9s)
  ✓   2 [chromium] › playground/e2e/history.spec.ts:26:1 › restores same-block caret offsets through undo and redo (3.3s)
  ✓   8 [chromium] › playground/e2e/selectAll.spec.ts:12:1 › selects the full structured document on first cmd+a (1.2s)
  ✓   9 [chromium] › playground/e2e/selectAll.spec.ts:39:1 › keeps table available in the structured playground slash menu (1.5s)
  ✓  11 [chromium] › playground/e2e/streaming.spec.ts:8:1 › streams tokens into the first block through delta-stream (1.4s)
  ✓  10 [chromium] › playground/e2e/aiSuggestions.spec.ts:100:1 › opens the popover and applies the active suggestion (2.0s)
{
  "nameCount": 1,
  "joinCount": 1,
  "rootCount": 0,
  "bodyText": "LIVE COLLABORATION\nEnter your name to join\n\nYour name will be shown to other collaborators in the playground room.\n\nRoom: pen-e2e-debug-1787306141029\n\nDisplay name\nJoin playground"
}
  ✓  12 [chromium] › playground/e2e/aiSuggestions.spec.ts:127:1 › dismisses the active suggestion without changing the text (1.1s)
{
  "rootAfterJoin": 1,
  "bodyAfterJoin": "Pen\nConnected\nPlaywright\nContent-first\nFresh room\nParagraph\nHeading\nBullet List\nNumbered List\nCheck List\nCode Block\nQuote\nCallout\nTable\nToggle\nFind\n​\nChat\nDebug\nSend"
}
  ✓   1 [chromium] › playground/e2e/debug-boot.spec.ts:3:1 › dump playground boot (9.9s)

  12 passed (12.2s)
