
Running 8 tests using 7 workers

  -  6 [webkit] › playground/e2e/nativeSelection.spec.ts:26:1 › collapses an immediate follow-up click after triple-click paragraph selection
  ✓  4 [webkit] › playground/e2e/history.spec.ts:26:1 › restores same-block caret offsets through undo and redo (3.0s)
  ✓  2 [webkit] › playground/e2e/history.spec.ts:60:1 › keeps content visible and moves the caret across blocks via topbar history (4.5s)
  ✓  5 [firefox] › playground/e2e/history.spec.ts:26:1 › restores same-block caret offsets through undo and redo (4.2s)
  ✓  1 [webkit] › playground/e2e/history.spec.ts:108:1 › restores history through keyboard shortcuts (5.7s)
  ✘  7 [firefox] › playground/e2e/history.spec.ts:108:1 › restores history through keyboard shortcuts (12.1s)
  ✘  3 [firefox] › playground/e2e/history.spec.ts:60:1 › keeps content visible and moves the caret across blocks via topbar history (13.5s)
  ✘  8 [firefox] › playground/e2e/nativeSelection.spec.ts:26:1 › collapses an immediate follow-up click after triple-click paragraph selection (11.9s)


  1) [firefox] › playground/e2e/history.spec.ts:60:1 › keeps content visible and moves the caret across blocks via topbar history 

    Error: [2mexpect([22m[31mreceived[39m[2m).[22mtoMatchObject[2m([22m[32mexpected[39m[2m)[22m

    [32m- Expected  - 4[39m
    [31m+ Received  + 4[39m

    [2m  Object {[22m
    [2m    "anchor": Object {[22m
    [32m-     "blockId": "3c690af4-d22e-4840-90b3-4c2730d1bd70",[39m
    [32m-     "offset": 0,[39m
    [31m+     "blockId": "d5ad1a80-efe3-468f-81fd-362a9e9923b7",[39m
    [31m+     "offset": 5,[39m
    [2m    },[22m
    [2m    "focus": Object {[22m
    [32m-     "blockId": "3c690af4-d22e-4840-90b3-4c2730d1bd70",[39m
    [32m-     "offset": 0,[39m
    [31m+     "blockId": "d5ad1a80-efe3-468f-81fd-362a9e9923b7",[39m
    [31m+     "offset": 5,[39m
    [2m    },[22m
    [2m    "isCollapsed": true,[22m
    [2m  }[22m

    Call Log:
    - Timeout 10000ms exceeded while waiting on the predicate

      156 | 	expected: { blockId: string; offset: number },
      157 | ): Promise<void> {
    > 158 | 	await expect
          | 	^
      159 | 		.poll(async () => {
      160 | 			const native = await getSelectionSnapshot(page);
      161 | 			const evidence = await captureSelectionEvidence(page);
        at expectCaretPosition (/Users/krijn/Code/pen/playground/e2e/history.spec.ts:158:2)
        at /Users/krijn/Code/pen/playground/e2e/history.spec.ts:105:2

    Error Context: test-results/history-keeps-content-visi-752f0-s-blocks-via-topbar-history-firefox/error-context.md

  2) [firefox] › playground/e2e/history.spec.ts:108:1 › restores history through keyboard shortcuts 

    Error: [2mexpect([22m[31mreceived[39m[2m).[22mtoMatchObject[2m([22m[32mexpected[39m[2m)[22m

    [32m- Expected  - 4[39m
    [31m+ Received  + 4[39m

    [2m  Object {[22m
    [2m    "anchor": Object {[22m
    [32m-     "blockId": "688f6c04-9dbe-41b6-9e03-b88b97519090",[39m
    [32m-     "offset": 0,[39m
    [31m+     "blockId": "feddf2a3-fd70-43bc-8ce7-76771f32f681",[39m
    [31m+     "offset": 5,[39m
    [2m    },[22m
    [2m    "focus": Object {[22m
    [32m-     "blockId": "688f6c04-9dbe-41b6-9e03-b88b97519090",[39m
    [32m-     "offset": 0,[39m
    [31m+     "blockId": "feddf2a3-fd70-43bc-8ce7-76771f32f681",[39m
    [31m+     "offset": 5,[39m
    [2m    },[22m
    [2m    "isCollapsed": true,[22m
    [2m  }[22m

    Call Log:
    - Timeout 10000ms exceeded while waiting on the predicate

      156 | 	expected: { blockId: string; offset: number },
      157 | ): Promise<void> {
    > 158 | 	await expect
          | 	^
      159 | 		.poll(async () => {
      160 | 			const native = await getSelectionSnapshot(page);
      161 | 			const evidence = await captureSelectionEvidence(page);
        at expectCaretPosition (/Users/krijn/Code/pen/playground/e2e/history.spec.ts:158:2)
        at /Users/krijn/Code/pen/playground/e2e/history.spec.ts:141:2

    Error Context: test-results/history-restores-history-through-keyboard-shortcuts-firefox/error-context.md

  3) [firefox] › playground/e2e/nativeSelection.spec.ts:26:1 › collapses an immediate follow-up click after triple-click paragraph selection 

    Error: [2mexpect([22m[31mreceived[39m[2m).[22mtoMatchObject[2m([22m[32mexpected[39m[2m)[22m

    [32m- Expected  - 2[39m
    [31m+ Received  + 2[39m

    [33m@@ -3,8 +3,8 @@[39m
    [2m      "blockId": "36eb1895-8b8f-4d3e-921e-8be216af6939",[22m
    [2m    },[22m
    [2m    "focus": Object {[22m
    [2m      "blockId": "36eb1895-8b8f-4d3e-921e-8be216af6939",[22m
    [2m    },[22m
    [32m-   "isCollapsed": false,[39m
    [32m-   "text": "Alpha bravo charlie delta echo",[39m
    [31m+   "isCollapsed": true,[39m
    [31m+   "text": "",[39m
    [2m  }[22m

    Call Log:
    - Timeout 10000ms exceeded while waiting on the predicate

      65 | 	});
      66 |
    > 67 | 	await expect
         | 	^
      68 | 		.poll(async () => getSelectionSnapshot(page))
      69 | 		.toMatchObject({
      70 | 			isCollapsed: false,
        at /Users/krijn/Code/pen/playground/e2e/nativeSelection.spec.ts:67:2

    Error Context: test-results/nativeSelection-collapses--fa71b-e-click-paragraph-selection-firefox/error-context.md

  3 failed
    [firefox] › playground/e2e/history.spec.ts:60:1 › keeps content visible and moves the caret across blocks via topbar history 
    [firefox] › playground/e2e/history.spec.ts:108:1 › restores history through keyboard shortcuts ─
    [firefox] › playground/e2e/nativeSelection.spec.ts:26:1 › collapses an immediate follow-up click after triple-click paragraph selection 
  1 skipped
  4 passed (16.7s)
