
Running 36 tests using 7 workers

BROWSER debug: [vite] connecting...
BROWSER debug: [vite] connected.
BROWSER info: %cDownload the React DevTools for a better development experience: https://react.dev/link/react-devtools font-weight:bold
  ✓   6 [chromium] › playground/e2e/inlineSession.spec.ts:13:1 › opens and closes the playground inline session from a text selection (4.6s)
  ✓   2 [chromium] › playground/e2e/history.spec.ts:91:1 › restores history through keyboard shortcuts (4.7s)
  ✓   3 [chromium] › playground/e2e/nativeSelection.spec.ts:25:1 › collapses an immediate follow-up click after triple-click paragraph selection (4.9s)
  ✓   7 [chromium] › playground/e2e/aiSuggestions.spec.ts:74:1 › renders AI suggestions with the custom line styling (4.9s)
  ✓   5 [chromium] › playground/e2e/history.spec.ts:59:1 › keeps content visible and moves the caret across blocks via topbar history (5.2s)
  ✓   4 [chromium] › playground/e2e/history.spec.ts:25:1 › restores same-block caret offsets through undo and redo (5.4s)
  ✓   9 [chromium] › playground/e2e/selectAll.spec.ts:33:1 › keeps table available in the structured playground slash menu (1.5s)
  ✓  10 [chromium] › playground/e2e/streaming.spec.ts:8:1 › streams tokens into the first block through delta-stream (1.2s)
  ✓  11 [chromium] › playground/e2e/aiSuggestions.spec.ts:100:1 › opens the popover and applies the active suggestion (1.9s)
BROWSER debug: [vite] connecting...
BROWSER debug: [vite] connected.
BROWSER info: Successfully preconnected to https://fonts.googleapis.com/
BROWSER info: Successfully preconnected to https://fonts.gstatic.com/
{
  "nameCount": 1,
  "joinCount": 1,
  "rootCount": 0,
  "bodyText": "LIVE COLLABORATION\nEnter your name to join\n\nYour name will be shown to other collaborators in the playground room.\n\nRoom: pen-e2e-debug-1787305812732\n\nDisplay name\nJoin playground"
}
  ✓  14 [chromium] › playground/e2e/aiSuggestions.spec.ts:127:1 › dismisses the active suggestion without changing the text (1.6s)
  ✓  13 [webkit] › playground/e2e/aiSuggestions.spec.ts:74:1 › renders AI suggestions with the custom line styling (2.8s)
  ✓  16 [webkit] › playground/e2e/history.spec.ts:25:1 › restores same-block caret offsets through undo and redo (3.0s)
{
  "rootAfterJoin": 1,
  "bodyAfterJoin": "Pen\nConnected\nPlaywright\nContent-first\nFresh room\nParagraph\nHeading\nBullet List\nNumbered List\nCheck List\nCode Block\nQuote\nCallout\nTable\nToggle\nFind\n​\nChat\nDebug\nSend"
}
  ✓   1 [chromium] › playground/e2e/debug-boot.spec.ts:3:1 › dump playground boot (11.9s)
  ✓  18 [webkit] › playground/e2e/aiSuggestions.spec.ts:100:1 › opens the popover and applies the active suggestion (2.4s)
  ✓  19 [webkit] › playground/e2e/inlineSession.spec.ts:13:1 › opens and closes the playground inline session from a text selection (1.4s)
{
  "nameCount": 1,
  "joinCount": 1,
  "rootCount": 0,
  "bodyText": "LIVE COLLABORATION\nEnter your name to join\nYour name will be shown to other collaborators in the playground room.\nRoom: pen-e2e-debug-1787305819869\nDisplay name\n\nJoin playground"
}
  ✓  21 [webkit] › playground/e2e/selectAll.spec.ts:12:1 › selects the full structured document on first cmd+a (962ms)
  ✓  20 [webkit] › playground/e2e/aiSuggestions.spec.ts:127:1 › dismisses the active suggestion without changing the text (1.8s)
  ✓  17 [webkit] › playground/e2e/history.spec.ts:91:1 › restores history through keyboard shortcuts (4.1s)
  ✓  23 [webkit] › playground/e2e/selectAll.spec.ts:33:1 › keeps table available in the structured playground slash menu (1.2s)
  -  22 [webkit] › playground/e2e/nativeSelection.spec.ts:25:1 › collapses an immediate follow-up click after triple-click paragraph selection
  ✓  24 [webkit] › playground/e2e/streaming.spec.ts:8:1 › streams tokens into the first block through delta-stream (1.1s)
  ✘   8 [chromium] › playground/e2e/selectAll.spec.ts:12:1 › selects the full structured document on first cmd+a (10.8s)
{
  "rootAfterJoin": 1,
  "bodyAfterJoin": "Pen\nConnected\nPlaywright\nContent-first\nFresh room\n\n\n\n\n\n\n\n\n\nFind\n\n\n​\n\nChat\n\nDebug\n\nSend\n\n"
}
  ✓  12 [webkit] › playground/e2e/debug-boot.spec.ts:3:1 › dump playground boot (9.9s)
BROWSER debug: [vite] connecting...
BROWSER debug: [vite] connected.
  ✘  15 [webkit] › playground/e2e/history.spec.ts:59:1 › keeps content visible and moves the caret across blocks via topbar history (13.0s)
BROWSER info: Download the React DevTools for a better development experience: https://react.dev/link/react-devtools
BROWSER timeStamp: Blocking Track
BROWSER timeStamp: Transition Track
BROWSER timeStamp: Suspense Track
BROWSER timeStamp: Idle Track
BROWSER timeStamp: Render
BROWSER timeStamp: Waiting for Paint
BROWSER timeStamp: App
BROWSER timeStamp: PlaygroundApp
BROWSER timeStamp: CollaborationNameModal
BROWSER timeStamp: Remaining Effects
  ✓  27 [firefox] › playground/e2e/history.spec.ts:25:1 › restores same-block caret offsets through undo and redo (5.5s)
  ✓  25 [firefox] › playground/e2e/aiSuggestions.spec.ts:74:1 › renders AI suggestions with the custom line styling (6.9s)
  ✓  30 [firefox] › playground/e2e/inlineSession.spec.ts:13:1 › opens and closes the playground inline session from a text selection (4.8s)
  ✓  32 [firefox] › playground/e2e/selectAll.spec.ts:12:1 › selects the full structured document on first cmd+a (1.8s)
{
  "nameCount": 1,
  "joinCount": 1,
  "rootCount": 0,
  "bodyText": "LIVE COLLABORATION\nEnter your name to join\n\nYour name will be shown to other collaborators in the playground room.\n\nRoom: pen-e2e-debug-1787305831830\n\nDisplay name\nJoin playground"
}
BROWSER timeStamp: Blocking Track
BROWSER timeStamp: Transition Track
BROWSER timeStamp: Suspense Track
BROWSER timeStamp: Idle Track
BROWSER timeStamp: Event: input
BROWSER timeStamp: Render
BROWSER timeStamp: Commit
  ✓  28 [firefox] › playground/e2e/history.spec.ts:59:1 › keeps content visible and moves the caret across blocks via topbar history (6.8s)
BROWSER timeStamp: Blocking Track
BROWSER timeStamp: Transition Track
BROWSER timeStamp: Suspense Track
BROWSER timeStamp: Idle Track
BROWSER timeStamp: PlaygroundApp
BROWSER timeStamp: PlaygroundApp
BROWSER timeStamp: Remaining Effects
BROWSER timeStamp: Blocking Track
BROWSER timeStamp: Transition Track
BROWSER timeStamp: Suspense Track
BROWSER timeStamp: Idle Track
BROWSER timeStamp: Render
BROWSER timeStamp: EditorCaretOverlay
BROWSER timeStamp: Commit
BROWSER timeStamp: Waiting
BROWSER timeStamp: PlaygroundApp
BROWSER timeStamp: EditorRoot
BROWSER timeStamp: BlockDragSessionProvider
BROWSER timeStamp: PlaygroundCollaborationBootstrap
BROWSER timeStamp: AIRoot
BROWSER timeStamp: Toolbar
BROWSER timeStamp: CollaborationStatus
BROWSER timeStamp: ToolbarRoot
BROWSER timeStamp: ToolbarSelect
BROWSER timeStamp: ToolbarSeparator
BROWSER timeStamp: ToolbarGroup
BROWSER timeStamp: ToolbarToggle
BROWSER timeStamp: IconBold
BROWSER timeStamp: ToolbarToggle
BROWSER timeStamp: ToolbarToggle
BROWSER timeStamp: ToolbarToggle
BROWSER timeStamp: ToolbarToggle
BROWSER timeStamp: LinkButton
BROWSER timeStamp: ToolbarSeparator
BROWSER timeStamp: ToolbarSeparator
BROWSER timeStamp: SearchMenu
BROWSER timeStamp: SearchRoot
BROWSER timeStamp: ToolbarSeparator
BROWSER timeStamp: ExportMenu
BROWSER timeStamp: PlaygroundEditorViewport
BROWSER timeStamp: EditorContent
BROWSER timeStamp: DropPreviewProvider
BROWSER timeStamp: EditorBlock
BROWSER timeStamp: InlineContent
BROWSER timeStamp: InlineAtomPortalLayer
BROWSER timeStamp: PlaygroundContextualPrompt
BROWSER timeStamp: AIInlineSession
BROWSER timeStamp: AIContextualPromptSurface
BROWSER timeStamp: EditorRegionSelector
BROWSER timeStamp: EditorSelectionRect
BROWSER timeStamp: EditorCaretOverlay
BROWSER timeStamp: MultiplayerCaretOverlay
BROWSER timeStamp: SlashMenu
BROWSER timeStamp: SlashMenuRoot
BROWSER timeStamp: UncontrolledSlashMenuRoot
BROWSER timeStamp: SlashMenuRootContent
BROWSER timeStamp: SlashMenuContent
BROWSER timeStamp: SelectionToolbar
BROWSER timeStamp: SelectionToolbarRoot
BROWSER timeStamp: SelectionToolbarContent
BROWSER timeStamp: SelectionToolbarRoot
BROWSER timeStamp: AIInlineSuggestionControls
BROWSER timeStamp: AISuggestionsRoot
BROWSER timeStamp: AISuggestionsPopover
BROWSER timeStamp: PlaygroundChatDock
BROWSER timeStamp: PlaygroundChatDock
BROWSER timeStamp: InspectorPanel
BROWSER timeStamp: AutocompleteInspectorSection
BROWSER timeStamp: AISuggestionsInspectorSection
BROWSER timeStamp: Remaining Effects
BROWSER timeStamp: Blocking Track
BROWSER timeStamp: Transition Track
BROWSER timeStamp: Suspense Track
BROWSER timeStamp: Idle Track
BROWSER timeStamp: Render
BROWSER timeStamp: Commit
BROWSER timeStamp: EditorRoot
BROWSER timeStamp: AIRoot
BROWSER timeStamp: ToolbarRoot
BROWSER timeStamp: SearchRoot
BROWSER timeStamp: EditorContent
BROWSER timeStamp: AIContextualPromptSurface
BROWSER timeStamp: EditorRegionSelector
BROWSER timeStamp: EditorSelectionRect
BROWSER timeStamp: EditorSelectionRect
BROWSER timeStamp: EditorCaretOverlay
BROWSER timeStamp: MultiplayerCaretOverlay
BROWSER timeStamp: UncontrolledSlashMenuRoot
BROWSER timeStamp: SlashMenuContent
BROWSER timeStamp: SelectionToolbarRoot
BROWSER timeStamp: AIInlineSuggestionControls
BROWSER timeStamp: AISuggestionsRoot
BROWSER timeStamp: AISuggestionsInspectorSection
BROWSER timeStamp: Remaining Effects
BROWSER timeStamp: Blocking Track
BROWSER timeStamp: Transition Track
BROWSER timeStamp: Suspense Track
BROWSER timeStamp: Idle Track
BROWSER timeStamp: Render
BROWSER timeStamp: InspectorPanel
BROWSER timeStamp: Remaining Effects
BROWSER timeStamp: Blocking Track
BROWSER timeStamp: Transition Track
BROWSER timeStamp: Suspense Track
BROWSER timeStamp: Idle Track
BROWSER timeStamp: Render
BROWSER timeStamp: PlaygroundCollaborationBootstrap
BROWSER timeStamp: CollaborationStatus
BROWSER timeStamp: MultiplayerCaretOverlay
BROWSER timeStamp: Blocking Track
BROWSER timeStamp: Transition Track
BROWSER timeStamp: Suspense Track
BROWSER timeStamp: Idle Track
BROWSER timeStamp: Commit
BROWSER timeStamp: MultiplayerCaretOverlay
BROWSER timeStamp: PlaygroundCollaborationBootstrap
BROWSER timeStamp: CollaborationStatus
BROWSER timeStamp: MultiplayerCaretOverlay
BROWSER timeStamp: Remaining Effects
BROWSER timeStamp: Blocking Track
BROWSER timeStamp: Transition Track
BROWSER timeStamp: Suspense Track
BROWSER timeStamp: Idle Track
BROWSER timeStamp: Render
BROWSER timeStamp: EditorCaretOverlay
BROWSER timeStamp: MultiplayerCaretOverlay
BROWSER timeStamp: Remaining Effects
  ✓  29 [firefox] › playground/e2e/history.spec.ts:91:1 › restores history through keyboard shortcuts (6.5s)
  ✓  35 [firefox] › playground/e2e/streaming.spec.ts:8:1 › streams tokens into the first block through delta-stream (1.6s)
  ✓  34 [firefox] › playground/e2e/selectAll.spec.ts:33:1 › keeps table available in the structured playground slash menu (1.7s)
  ✓  33 [firefox] › playground/e2e/aiSuggestions.spec.ts:100:1 › opens the popover and applies the active suggestion (3.7s)
  ✓  36 [firefox] › playground/e2e/aiSuggestions.spec.ts:127:1 › dismisses the active suggestion without changing the text (1.7s)
{
  "rootAfterJoin": 1,
  "bodyAfterJoin": "Pen\nConnected\nPlaywright\nContent-first\nFresh room\nFind\n​\nChat\nDebug\nSend"
}
  ✓  26 [firefox] › playground/e2e/debug-boot.spec.ts:3:1 › dump playground boot (11.6s)
  ✘  31 [firefox] › playground/e2e/nativeSelection.spec.ts:25:1 › collapses an immediate follow-up click after triple-click paragraph selection (13.0s)


  1) [chromium] › playground/e2e/selectAll.spec.ts:12:1 › selects the full structured document on first cmd+a 

    Error: [2mexpect([22m[31mreceived[39m[2m).[22mtoBe[2m([22m[32mexpected[39m[2m) // Object.is equality[22m

    Expected: [32m"First[39m
    [32mSecond[39m
    [32mThird"[39m
    Received: [31m""[39m

    Call Log:
    - Timeout 10000ms exceeded while waiting on the predicate

      26 | 	await page.keyboard.press("ControlOrMeta+A");
      27 |
    > 28 | 	await expect
         | 	^
      29 | 		.poll(async () => (await getEditorDocumentSnapshot(page)).selectedText)
      30 | 		.toBe("First\nSecond\nThird");
      31 | });
        at /Users/krijn/Code/pen/playground/e2e/selectAll.spec.ts:28:2

    Error Context: test-results/selectAll-selects-the-full-d778a-red-document-on-first-cmd-a-chromium/error-context.md

  2) [webkit] › playground/e2e/history.spec.ts:59:1 › keeps content visible and moves the caret across blocks via topbar history 

    Error: [2mexpect([22m[31mreceived[39m[2m).[22mtoMatchObject[2m([22m[32mexpected[39m[2m)[22m

    [32m- Expected  - 4[39m
    [31m+ Received  + 4[39m

    [2m  Object {[22m
    [2m    "anchor": Object {[22m
    [32m-     "blockId": "aacffdbe-3d35-446d-845b-fec0726adb00",[39m
    [32m-     "offset": 0,[39m
    [31m+     "blockId": "a5e7226c-6d5f-45ef-9113-f666903c9aa7",[39m
    [31m+     "offset": 5,[39m
    [2m    },[22m
    [2m    "focus": Object {[22m
    [32m-     "blockId": "aacffdbe-3d35-446d-845b-fec0726adb00",[39m
    [32m-     "offset": 0,[39m
    [31m+     "blockId": "a5e7226c-6d5f-45ef-9113-f666903c9aa7",[39m
    [31m+     "offset": 5,[39m
    [2m    },[22m
    [2m    "isCollapsed": true,[22m
    [2m  }[22m

    Call Log:
    - Timeout 10000ms exceeded while waiting on the predicate

      132 | 	expected: { blockId: string; offset: number },
      133 | ): Promise<void> {
    > 134 | 	await expect
          | 	^
      135 | 		.poll(async () => {
      136 | 			const native = await getSelectionSnapshot(page);
      137 | 			const evidence = await captureSelectionEvidence(page);
        at expectCaretPosition (/Users/krijn/Code/pen/playground/e2e/history.spec.ts:134:2)
        at /Users/krijn/Code/pen/playground/e2e/history.spec.ts:88:2

    Error Context: test-results/history-keeps-content-visi-752f0-s-blocks-via-topbar-history-webkit/error-context.md

  3) [firefox] › playground/e2e/nativeSelection.spec.ts:25:1 › collapses an immediate follow-up click after triple-click paragraph selection 

    Error: [2mexpect([22m[31mreceived[39m[2m).[22mtoMatchObject[2m([22m[32mexpected[39m[2m)[22m

    [32m- Expected  - 2[39m
    [31m+ Received  + 2[39m

    [33m@@ -3,8 +3,8 @@[39m
    [2m      "blockId": "56d90ffa-5de4-42b1-8b15-acc718abea82",[22m
    [2m    },[22m
    [2m    "focus": Object {[22m
    [2m      "blockId": "56d90ffa-5de4-42b1-8b15-acc718abea82",[22m
    [2m    },[22m
    [32m-   "isCollapsed": false,[39m
    [32m-   "text": "Alpha bravo charlie delta echo",[39m
    [31m+   "isCollapsed": true,[39m
    [31m+   "text": "",[39m
    [2m  }[22m

    Call Log:
    - Timeout 10000ms exceeded while waiting on the predicate

      66 | 	});
      67 |
    > 68 | 	await expect
         | 	^
      69 | 		.poll(async () => getSelectionSnapshot(page))
      70 | 		.toMatchObject({
      71 | 			isCollapsed: false,
        at /Users/krijn/Code/pen/playground/e2e/nativeSelection.spec.ts:68:2

    Error Context: test-results/nativeSelection-collapses--fa71b-e-click-paragraph-selection-firefox/error-context.md

  3 failed
    [chromium] › playground/e2e/selectAll.spec.ts:12:1 › selects the full structured document on first cmd+a 
    [webkit] › playground/e2e/history.spec.ts:59:1 › keeps content visible and moves the caret across blocks via topbar history 
    [firefox] › playground/e2e/nativeSelection.spec.ts:25:1 › collapses an immediate follow-up click after triple-click paragraph selection 
  1 skipped
  32 passed (39.2s)
